slurmstepd: info: Setting TMPDIR to /scratch/515055. Previous errors about TMPDIR can be discarded
qmio/hpc unloaded
gcccore/12.3.0 unloaded
binutils/2.40 unloaded
sqlite/3.45.3 unloaded
python/3.11.9 unloaded
libffi/3.4.4 unloaded
        Preparing the environment for use of the sistema software stack.
        Please rebuild modules cache: module --ignore-cache avail
     
qmio/hpc loaded
gcccore/12.3.0 loaded
binutils/2.40 loaded
sqlite/3.45.3 loaded
libffi/3.4.4 loaded
python/3.11.9 loaded
gcccore/12.3.0 unloaded
binutils/2.40 unloaded
sqlite/3.45.3 unloaded
sqlite/3.45.3 loaded
python/3.11.9 unloaded
gcccore/12.3.0 loaded
sqlite/3.45.3 unloaded
sqlite/3.45.3 loaded
binutils/2.40 loaded
python/3.11.9 loaded
python/3.11.9 unloaded
python/3.11.9 loaded
qmio/hpc unloaded
libffi/3.4.4 unloaded
gcccore/12.3.0 unloaded
sqlite/3.45.3 unloaded
binutils/2.40 unloaded
python/3.11.9 unloaded
        Preparing the environment for use of the sistema software stack.
        Please rebuild modules cache: module --ignore-cache avail
     
qmio/hpc loaded
libffi/3.4.4 loaded
gcccore/12.3.0 loaded
sqlite/3.45.3 loaded
binutils/2.40 loaded
python/3.11.9 loaded
gcccore/12.3.0 unloaded
sqlite/3.45.3 unloaded
sqlite/3.45.3 loaded
binutils/2.40 unloaded
python/3.11.9 unloaded
gcccore/12.3.0 loaded
sqlite/3.45.3 unloaded
sqlite/3.45.3 loaded
binutils/2.40 loaded
python/3.11.9 loaded

imkl/2023.2.0 loaded
cython/3.0.11-python-3.11.9 loaded
numpy/2.1.2-python-3.11.9 loaded
qmio/hpc unloaded
libffi/3.4.4 unloaded
gcccore/12.3.0 unloaded
sqlite/3.45.3 unloaded
binutils/2.40 unloaded
python/3.11.9 unloaded
imkl/2023.2.0 unloaded
cython/3.0.11-python-3.11.9 unloaded
numpy/2.1.2-python-3.11.9 unloaded
        Preparing the environment for use of the sistema software stack.
        Please rebuild modules cache: module --ignore-cache avail
     
qmio/hpc loaded
libffi/3.4.4 loaded
gcccore/12.3.0 loaded
sqlite/3.45.3 loaded
binutils/2.40 loaded
python/3.11.9 loaded

imkl/2023.2.0 loaded
cython/3.0.11-python-3.11.9 loaded
numpy/2.1.2-python-3.11.9 loaded
gcccore/12.3.0 unloaded
sqlite/3.45.3 unloaded
sqlite/3.45.3 loaded
binutils/2.40 unloaded
python/3.11.9 unloaded
cython/3.0.11-python-3.11.9 unloaded
numpy/2.1.2-python-3.11.9 unloaded
gcccore/12.3.0 loaded
sqlite/3.45.3 unloaded
sqlite/3.45.3 loaded
binutils/2.40 loaded
python/3.11.9 loaded
cython/3.0.11-python-3.11.9 loaded
numpy/2.1.2-python-3.11.9 loaded
numpy/2.1.2-python-3.11.9 unloaded
ninja/1.9.0 loaded
meson/1.5.2-python-3.11.9 loaded
meson-python/0.16.0-python-3.11.9 loaded
cython/3.0.11-python-3.11.9 unloaded
cython/3.0.9-python-3.11.9 loaded
numpy/1.26.4-python-3.11.9 loaded
nasm/2.16.03 loaded
libjpeg-turbo/3.0.2 loaded
pybind11/2.13.6-python-3.11.9 loaded
matplotlib/3.6.3-python-3.11.9 loaded

The following have been reloaded with a version change:
  1) cython/3.0.11-python-3.11.9 => cython/3.0.9-python-3.11.9
  2) numpy/2.1.2-python-3.11.9 => numpy/1.26.4-python-3.11.9

qmio/hpc unloaded
libffi/3.4.4 unloaded
imkl/2023.2.0 unloaded
gcccore/12.3.0 unloaded
sqlite/3.45.3 unloaded
binutils/2.40 unloaded
python/3.11.9 unloaded
ninja/1.9.0 unloaded
meson/1.5.2-python-3.11.9 unloaded
meson-python/0.16.0-python-3.11.9 unloaded
cython/3.0.9-python-3.11.9 unloaded
numpy/1.26.4-python-3.11.9 unloaded
nasm/2.16.03 unloaded
libjpeg-turbo/3.0.2 unloaded
pybind11/2.13.6-python-3.11.9 unloaded
matplotlib/3.6.3-python-3.11.9 unloaded
        Preparing the environment for use of the sistema software stack.
        Please rebuild modules cache: module --ignore-cache avail
     
qmio/hpc loaded
libffi/3.4.4 loaded

imkl/2023.2.0 loaded
gcccore/12.3.0 loaded
sqlite/3.45.3 loaded
binutils/2.40 loaded
python/3.11.9 loaded
ninja/1.9.0 loaded
meson/1.5.2-python-3.11.9 loaded
meson-python/0.16.0-python-3.11.9 loaded
cython/3.0.9-python-3.11.9 loaded
numpy/1.26.4-python-3.11.9 loaded
nasm/2.16.03 loaded
libjpeg-turbo/3.0.2 loaded
pybind11/2.13.6-python-3.11.9 loaded
matplotlib/3.6.3-python-3.11.9 loaded
gcc/12.3.0 loaded
rust/1.88.0 loaded
pythran/0.15.0-python-3.11.9 loaded
xsimd/12.1.1 loaded
scipy/1.13.0-python-3.11.9 loaded
llvm/16.0.0 loaded
gmp/6.3.0 loaded
mpfr/4.2.1 loaded
mpc/1.3.1 loaded
flint/3.1.2 loaded
symengine/0.11.2 loaded
symengine-python/0.11.0-python-3.11.9 loaded
spdlog/1.9.2 loaded
pylatexenc/2.10-python-3.11.9 loaded
libgd/2.3.3 loaded
pandas/2.2.2-python-3.11.9 loaded
seaborn/0.12.2-python-3.11.9 loaded
qiskit/2.2.3-python-3.11.9 loaded
qmio-run/0.5.1-python-3.11.9 loaded
qmio-tools/0.2.1-python-3.11.9 loaded
/opt/cesga/qmio/hpc/software/Compiler/gcc/12.3.0/qmio-tools/0.2.1-python-3.11.9/lib/python3.11/site-packages/qmiotools/integrations/qiskitqmio/qmiobackend.py:17: UserWarning: Using a Qiskit version that does not support pulses. Pulses will not be available
  warnings.warn("Using a Qiskit version that does not support pulses. Pulses will not be available")
/opt/cesga/qmio/hpc/software/Compiler/gcc/12.3.0/qiskit/2.2.3-python-3.11.9/lib/python3.11/site-packages/qiskit/visualization/circuit/matplotlib.py:287: RuntimeWarning: More than 20 figures have been opened. Figures created through the pyplot interface (`matplotlib.pyplot.figure`) are retained until explicitly closed and may consume too much memory. (To control this warning, see the rcParam `figure.max_open_warning`). Consider using `matplotlib.pyplot.close()`.
  mpl_figure = plt.figure()
Importing calibrations from  /opt/cesga/qmio/hpc/calibrations/2026_07_20__13_00_02.json
Calibration data saved in files: experiment_results/qubit_properties_qmio_32q_20260722_151956.json and experiment_results/qubit_properties_qmio_32q_20260722_151956.pkl
⚠️ Error during experiment execution: QSLAMException('Bad Request: Execution timed out, exceeded 25000 milliseconds. Circuit may be too deep or repeats may be too high.')
✅ Data saved in file: experiment_results/results_qmio_16q_20260722_151956.json
✅ Data saved in file: experiment_results/results_qmio_8q_20260722_151956.json
